2025-06-24 15:02:40,240 INFO o.h.v.i.u.Version [background-preinit] HV000001: Hibernate Validator 8.0.2.Final
2025-06-24 15:02:40,264 INFO o.s.b.StartupInfoLogger [restartedMain] Starting HomeServicesApplication using Java 17.0.1 with PID 181464 (/Userdisk/personal_git/HOME_SERVICES/HomeServices/target/classes started by karunkumar in /Userdisk/personal_git/HOME_SERVICES/HomeServices)
2025-06-24 15:02:40,265 INFO o.s.b.SpringApplication [restartedMain] The following 1 profile is active: "dev"
2025-06-24 15:02:40,297 INFO o.s.b.l.DeferredLog [restartedMain] Devtools property defaults active! Set 'spring.devtools.add-properties' to 'false' to disable
2025-06-24 15:02:40,297 INFO o.s.b.l.DeferredLog [restartedMain] For additional web related logging consider setting the 'logging.level.web' property to 'DEBUG'
2025-06-24 15:02:40,851 INFO o.s.d.r.c.RepositoryConfigurationDelegate [restartedMain] Bootstrapping Spring Data JPA repositories in DEFAULT mode.
2025-06-24 15:02:40,898 INFO o.s.d.r.c.RepositoryConfigurationDelegate [restartedMain] Finished Spring Data repository scanning in 40 ms. Found 8 JPA repository interfaces.
2025-06-24 15:02:41,347 INFO o.s.b.w.e.t.TomcatWebServer [restartedMain] Tomcat initialized with port 8080 (http)
2025-06-24 15:02:41,355 INFO o.a.j.l.DirectJDKLog [restartedMain] Initializing ProtocolHandler ["http-nio-8080"]
2025-06-24 15:02:41,356 INFO o.a.j.l.DirectJDKLog [restartedMain] Starting service [Tomcat]
2025-06-24 15:02:41,356 INFO o.a.j.l.DirectJDKLog [restartedMain] Starting Servlet engine: [Apache Tomcat/10.1.40]
2025-06-24 15:02:41,381 INFO o.a.j.l.DirectJDKLog [restartedMain] Initializing Spring embedded WebApplicationContext
2025-06-24 15:02:41,381 INFO o.s.b.w.s.c.ServletWebServerApplicationContext [restartedMain] Root WebApplicationContext: initialization completed in 1083 ms
2025-06-24 15:02:41,466 INFO o.h.j.i.u.LogHelper [restartedMain] HHH000204: Processing PersistenceUnitInfo [name: default]
2025-06-24 15:02:41,500 INFO o.h.Version [restartedMain] HHH000412: Hibernate ORM core version 6.6.13.Final
2025-06-24 15:02:41,520 INFO o.h.c.i.RegionFactoryInitiator [restartedMain] HHH000026: Second-level cache disabled
2025-06-24 15:02:41,711 INFO o.s.o.j.p.SpringPersistenceUnitInfo [restartedMain] No LoadTimeWeaver setup: ignoring JPA class transformer
2025-06-24 15:02:41,732 INFO c.z.h.HikariDataSource [restartedMain] HikariPool-1 - Starting...
2025-06-24 15:02:41,893 INFO c.z.h.p.HikariPool [restartedMain] HikariPool-1 - Added connection conn0: url=jdbc:h2:file:/Userdisk/personal_git/HOME_SERVICES/HomeServices/src/main/resources/homeservices_db user=ROOT
2025-06-24 15:02:41,894 INFO c.z.h.HikariDataSource [restartedMain] HikariPool-1 - Start completed.
2025-06-24 15:02:41,910 WARN o.h.e.j.d.i.DialectFactoryImpl [restartedMain] HHH90000025: H2Dialect does not need to be specified explicitly using 'hibernate.dialect' (remove the property setting and it will be selected by default)
2025-06-24 15:02:41,925 INFO o.h.e.j.e.i.JdbcEnvironmentInitiator [restartedMain] HHH10001005: Database info:
	Database JDBC URL [Connecting through datasource 'HikariDataSource (HikariPool-1)']
	Database driver: undefined/unknown
	Database version: 2.3.232
	Autocommit mode: undefined/unknown
	Isolation level: undefined/unknown
	Minimum pool size: undefined/unknown
	Maximum pool size: undefined/unknown
2025-06-24 15:02:42,577 INFO o.h.e.t.j.p.i.JtaPlatformInitiator [restartedMain] HHH000489: No JTA platform available (set 'hibernate.transaction.jta.platform' to enable JTA platform integration)
2025-06-24 15:02:42,612 INFO o.s.o.j.AbstractEntityManagerFactoryBean [restartedMain] Initialized JPA EntityManagerFactory for persistence unit 'default'
2025-06-24 15:02:42,857 INFO o.s.d.j.r.q.QueryEnhancerFactory [restartedMain] Hibernate is in classpath; If applicable, HQL parser will be used.
2025-06-24 15:02:43,147 INFO o.s.s.c.a.a.c.InitializeAuthenticationProviderBeanManagerConfigurer$InitializeAuthenticationProviderManagerConfigurer [restartedMain] Global AuthenticationManager configured with AuthenticationProvider bean with name authenticationProvider
2025-06-24 15:02:43,148 WARN o.s.s.c.a.a.c.InitializeUserDetailsBeanManagerConfigurer$InitializeUserDetailsManagerConfigurer [restartedMain] Global AuthenticationManager configured with an AuthenticationProvider bean. UserDetailsService beans will not be used by Spring Security for automatically configuring username/password login. Consider removing the AuthenticationProvider bean. Alternatively, consider using the UserDetailsService in a manually instantiated DaoAuthenticationProvider. If the current configuration is intentional, to turn off this warning, increase the logging level of 'org.springframework.security.config.annotation.authentication.configuration.InitializeUserDetailsBeanManagerConfigurer' to ERROR
2025-06-24 15:02:43,270 WARN o.s.b.a.o.j.JpaBaseConfiguration$JpaWebConfiguration [restartedMain] spring.jpa.open-in-view is enabled by default. Therefore, database queries may be performed during view rendering. Explicitly configure spring.jpa.open-in-view to disable this warning
2025-06-24 15:02:43,732 INFO o.s.b.a.h.H2ConsoleAutoConfiguration$H2ConsoleLogger [restartedMain] H2 console available at '/h2-console'. Database available at 'jdbc:h2:file:/Userdisk/personal_git/HOME_SERVICES/HomeServices/src/main/resources/homeservices_db'
2025-06-24 15:02:43,764 WARN o.s.s.c.a.w.b.WebSecurity [restartedMain] You are asking Spring Security to ignore Ant [pattern='/h2-console/**']. This is not recommended -- please use permitAll via HttpSecurity#authorizeHttpRequests instead.
2025-06-24 15:02:43,794 INFO o.s.b.d.a.OptionalLiveReloadServer [restartedMain] LiveReload server is running on port 35729
2025-06-24 15:02:43,814 INFO o.a.j.l.DirectJDKLog [restartedMain] Starting ProtocolHandler ["http-nio-8080"]
2025-06-24 15:02:43,823 INFO o.s.b.w.e.t.TomcatWebServer [restartedMain] Tomcat started on port 8080 (http) with context path '/'
2025-06-24 15:02:43,830 INFO o.s.b.StartupInfoLogger [restartedMain] Started HomeServicesApplication in 3.916 seconds (process running for 4.392)
2025-06-24 15:02:48,090 INFO o.a.j.l.DirectJDKLog [http-nio-8080-exec-1] Initializing Spring DispatcherServlet 'dispatcherServlet'
2025-06-24 15:02:48,091 INFO o.s.w.s.FrameworkServlet [http-nio-8080-exec-1] Initializing Servlet 'dispatcherServlet'
2025-06-24 15:02:48,095 INFO o.s.w.s.FrameworkServlet [http-nio-8080-exec-1] Completed initialization in 3 ms
2025-06-24 15:02:48,189 INFO c.h.c.AuthenticationController [http-nio-8080-exec-1] <------ AuthenticationController : register (BEGIN) ------>
2025-06-24 15:02:48,198 INFO c.h.c.AuthenticationController [http-nio-8080-exec-1] user's tracking id is : abcd1234-5678-90ef-ghij-klmnopqrstuv
2025-06-24 15:02:48,199 INFO c.h.s.i.UserLoginProfileServiceImpl [http-nio-8080-exec-1] <------ UserLoginProfileServiceImpl : register (BEGIN) with request => SignupRequest(username=john_dose, email=john.dose@example.com, password=SecureP@ss123, mobilenumber=9876543210) ------>
2025-06-24 15:02:48,244 INFO c.h.c.AuthenticationController [http-nio-8080-exec-1] <------ AuthenticationController : register (FAILED) ------>
2025-06-24 15:05:05,563 INFO o.s.b.d.a.LocalDevToolsAutoConfiguration$RestartingClassPathChangeChangedEventListener [File Watcher] Restarting due to 2 class path changes (0 additions, 0 deletions, 2 modifications)
2025-06-24 15:05:05,570 INFO o.s.b.w.e.t.GracefulShutdown [Thread-6] Commencing graceful shutdown. Waiting for active requests to complete
2025-06-24 15:05:05,572 INFO o.a.j.l.DirectJDKLog [tomcat-shutdown] Pausing ProtocolHandler ["http-nio-8080"]
2025-06-24 15:05:05,577 INFO o.s.b.w.e.t.GracefulShutdown [tomcat-shutdown] Graceful shutdown complete
2025-06-24 15:05:05,578 INFO o.a.j.l.DirectJDKLog [Thread-6] Stopping ProtocolHandler ["http-nio-8080"]
2025-06-24 15:05:05,590 INFO o.s.o.j.AbstractEntityManagerFactoryBean [Thread-6] Closing JPA EntityManagerFactory for persistence unit 'default'
2025-06-24 15:05:05,595 INFO c.z.h.HikariDataSource [Thread-6] HikariPool-1 - Shutdown initiated...
2025-06-24 15:05:05,617 INFO c.z.h.HikariDataSource [Thread-6] HikariPool-1 - Shutdown completed.
2025-06-24 15:05:05,747 INFO o.s.b.StartupInfoLogger [restartedMain] Starting HomeServicesApplication using Java 17.0.1 with PID 181464 (/Userdisk/personal_git/HOME_SERVICES/HomeServices/target/classes started by karunkumar in /Userdisk/personal_git/HOME_SERVICES/HomeServices)
2025-06-24 15:05:05,747 INFO o.s.b.SpringApplication [restartedMain] The following 1 profile is active: "dev"
2025-06-24 15:05:05,846 INFO o.s.d.r.c.RepositoryConfigurationDelegate [restartedMain] Bootstrapping Spring Data JPA repositories in DEFAULT mode.
2025-06-24 15:05:05,858 INFO o.s.d.r.c.RepositoryConfigurationDelegate [restartedMain] Finished Spring Data repository scanning in 11 ms. Found 8 JPA repository interfaces.
2025-06-24 15:05:05,950 INFO o.s.b.w.e.t.TomcatWebServer [restartedMain] Tomcat initialized with port 8080 (http)
2025-06-24 15:05:05,951 INFO o.a.j.l.DirectJDKLog [restartedMain] Initializing ProtocolHandler ["http-nio-8080"]
2025-06-24 15:05:05,951 INFO o.a.j.l.DirectJDKLog [restartedMain] Starting service [Tomcat]
2025-06-24 15:05:05,951 INFO o.a.j.l.DirectJDKLog [restartedMain] Starting Servlet engine: [Apache Tomcat/10.1.40]
2025-06-24 15:05:05,959 INFO o.a.j.l.DirectJDKLog [restartedMain] Initializing Spring embedded WebApplicationContext
2025-06-24 15:05:05,959 INFO o.s.b.w.s.c.ServletWebServerApplicationContext [restartedMain] Root WebApplicationContext: initialization completed in 211 ms
2025-06-24 15:05:05,992 INFO o.h.j.i.u.LogHelper [restartedMain] HHH000204: Processing PersistenceUnitInfo [name: default]
2025-06-24 15:05:05,994 INFO o.h.c.i.RegionFactoryInitiator [restartedMain] HHH000026: Second-level cache disabled
2025-06-24 15:05:05,999 INFO o.s.o.j.p.SpringPersistenceUnitInfo [restartedMain] No LoadTimeWeaver setup: ignoring JPA class transformer
2025-06-24 15:05:06,000 INFO c.z.h.HikariDataSource [restartedMain] HikariPool-2 - Starting...
2025-06-24 15:05:06,006 INFO c.z.h.p.HikariPool [restartedMain] HikariPool-2 - Added connection conn10: url=jdbc:h2:file:/Userdisk/personal_git/HOME_SERVICES/HomeServices/src/main/resources/homeservices_db user=ROOT
2025-06-24 15:05:06,006 INFO c.z.h.HikariDataSource [restartedMain] HikariPool-2 - Start completed.
2025-06-24 15:05:06,007 WARN o.h.e.j.d.i.DialectFactoryImpl [restartedMain] HHH90000025: H2Dialect does not need to be specified explicitly using 'hibernate.dialect' (remove the property setting and it will be selected by default)
2025-06-24 15:05:06,007 INFO o.h.e.j.e.i.JdbcEnvironmentInitiator [restartedMain] HHH10001005: Database info:
	Database JDBC URL [Connecting through datasource 'HikariDataSource (HikariPool-2)']
	Database driver: undefined/unknown
	Database version: 2.3.232
	Autocommit mode: undefined/unknown
	Isolation level: undefined/unknown
	Minimum pool size: undefined/unknown
	Maximum pool size: undefined/unknown
2025-06-24 15:05:06,101 INFO o.h.e.t.j.p.i.JtaPlatformInitiator [restartedMain] HHH000489: No JTA platform available (set 'hibernate.transaction.jta.platform' to enable JTA platform integration)
2025-06-24 15:05:06,108 INFO o.s.o.j.AbstractEntityManagerFactoryBean [restartedMain] Initialized JPA EntityManagerFactory for persistence unit 'default'
2025-06-24 15:05:06,242 INFO o.s.s.c.a.a.c.InitializeAuthenticationProviderBeanManagerConfigurer$InitializeAuthenticationProviderManagerConfigurer [restartedMain] Global AuthenticationManager configured with AuthenticationProvider bean with name authenticationProvider
2025-06-24 15:05:06,243 WARN o.s.s.c.a.a.c.InitializeUserDetailsBeanManagerConfigurer$InitializeUserDetailsManagerConfigurer [restartedMain] Global AuthenticationManager configured with an AuthenticationProvider bean. UserDetailsService beans will not be used by Spring Security for automatically configuring username/password login. Consider removing the AuthenticationProvider bean. Alternatively, consider using the UserDetailsService in a manually instantiated DaoAuthenticationProvider. If the current configuration is intentional, to turn off this warning, increase the logging level of 'org.springframework.security.config.annotation.authentication.configuration.InitializeUserDetailsBeanManagerConfigurer' to ERROR
2025-06-24 15:05:06,288 WARN o.s.b.a.o.j.JpaBaseConfiguration$JpaWebConfiguration [restartedMain] spring.jpa.open-in-view is enabled by default. Therefore, database queries may be performed during view rendering. Explicitly configure spring.jpa.open-in-view to disable this warning
2025-06-24 15:05:06,446 INFO o.s.b.a.h.H2ConsoleAutoConfiguration$H2ConsoleLogger [restartedMain] H2 console available at '/h2-console'. Database available at 'jdbc:h2:file:/Userdisk/personal_git/HOME_SERVICES/HomeServices/src/main/resources/homeservices_db'
2025-06-24 15:05:06,460 WARN o.s.s.c.a.w.b.WebSecurity [restartedMain] You are asking Spring Security to ignore Ant [pattern='/h2-console/**']. This is not recommended -- please use permitAll via HttpSecurity#authorizeHttpRequests instead.
2025-06-24 15:05:06,473 INFO o.s.b.d.a.OptionalLiveReloadServer [restartedMain] LiveReload server is running on port 35729
2025-06-24 15:05:06,480 INFO o.a.j.l.DirectJDKLog [restartedMain] Starting ProtocolHandler ["http-nio-8080"]
2025-06-24 15:05:06,482 INFO o.s.b.w.e.t.TomcatWebServer [restartedMain] Tomcat started on port 8080 (http) with context path '/'
2025-06-24 15:05:06,486 INFO o.s.b.StartupInfoLogger [restartedMain] Started HomeServicesApplication in 0.772 seconds (process running for 147.048)
2025-06-24 15:05:06,490 INFO o.s.b.d.a.ConditionEvaluationDeltaLoggingListener [restartedMain] Condition evaluation unchanged
2025-06-24 15:05:20,909 INFO o.s.b.d.a.LocalDevToolsAutoConfiguration$RestartingClassPathChangeChangedEventListener [File Watcher] Restarting due to 2 class path changes (0 additions, 0 deletions, 2 modifications)
2025-06-24 15:05:20,913 INFO o.s.b.w.e.t.GracefulShutdown [Thread-8] Commencing graceful shutdown. Waiting for active requests to complete
2025-06-24 15:05:20,914 INFO o.a.j.l.DirectJDKLog [tomcat-shutdown] Pausing ProtocolHandler ["http-nio-8080"]
2025-06-24 15:05:20,915 INFO o.s.b.w.e.t.GracefulShutdown [tomcat-shutdown] Graceful shutdown complete
2025-06-24 15:05:20,916 INFO o.a.j.l.DirectJDKLog [Thread-8] Stopping ProtocolHandler ["http-nio-8080"]
2025-06-24 15:05:20,921 INFO o.s.o.j.AbstractEntityManagerFactoryBean [Thread-8] Closing JPA EntityManagerFactory for persistence unit 'default'
2025-06-24 15:05:20,922 INFO c.z.h.HikariDataSource [Thread-8] HikariPool-2 - Shutdown initiated...
2025-06-24 15:05:20,963 INFO c.z.h.HikariDataSource [Thread-8] HikariPool-2 - Shutdown completed.
2025-06-24 15:05:21,096 INFO o.s.b.StartupInfoLogger [restartedMain] Starting HomeServicesApplication using Java 17.0.1 with PID 181464 (/Userdisk/personal_git/HOME_SERVICES/HomeServices/target/classes started by karunkumar in /Userdisk/personal_git/HOME_SERVICES/HomeServices)
2025-06-24 15:05:21,096 INFO o.s.b.SpringApplication [restartedMain] The following 1 profile is active: "dev"
2025-06-24 15:05:21,190 INFO o.s.d.r.c.RepositoryConfigurationDelegate [restartedMain] Bootstrapping Spring Data JPA repositories in DEFAULT mode.
2025-06-24 15:05:21,201 INFO o.s.d.r.c.RepositoryConfigurationDelegate [restartedMain] Finished Spring Data repository scanning in 10 ms. Found 8 JPA repository interfaces.
2025-06-24 15:05:21,299 INFO o.s.b.w.e.t.TomcatWebServer [restartedMain] Tomcat initialized with port 8080 (http)
2025-06-24 15:05:21,300 INFO o.a.j.l.DirectJDKLog [restartedMain] Initializing ProtocolHandler ["http-nio-8080"]
2025-06-24 15:05:21,300 INFO o.a.j.l.DirectJDKLog [restartedMain] Starting service [Tomcat]
2025-06-24 15:05:21,300 INFO o.a.j.l.DirectJDKLog [restartedMain] Starting Servlet engine: [Apache Tomcat/10.1.40]
2025-06-24 15:05:21,304 INFO o.a.j.l.DirectJDKLog [restartedMain] Initializing Spring embedded WebApplicationContext
2025-06-24 15:05:21,305 INFO o.s.b.w.s.c.ServletWebServerApplicationContext [restartedMain] Root WebApplicationContext: initialization completed in 206 ms
2025-06-24 15:05:21,334 INFO o.h.j.i.u.LogHelper [restartedMain] HHH000204: Processing PersistenceUnitInfo [name: default]
2025-06-24 15:05:21,335 INFO o.h.c.i.RegionFactoryInitiator [restartedMain] HHH000026: Second-level cache disabled
2025-06-24 15:05:21,339 INFO o.s.o.j.p.SpringPersistenceUnitInfo [restartedMain] No LoadTimeWeaver setup: ignoring JPA class transformer
2025-06-24 15:05:21,340 INFO c.z.h.HikariDataSource [restartedMain] HikariPool-3 - Starting...
2025-06-24 15:05:21,345 INFO c.z.h.p.HikariPool [restartedMain] HikariPool-3 - Added connection conn20: url=jdbc:h2:file:/Userdisk/personal_git/HOME_SERVICES/HomeServices/src/main/resources/homeservices_db user=ROOT
2025-06-24 15:05:21,346 INFO c.z.h.HikariDataSource [restartedMain] HikariPool-3 - Start completed.
2025-06-24 15:05:21,346 WARN o.h.e.j.d.i.DialectFactoryImpl [restartedMain] HHH90000025: H2Dialect does not need to be specified explicitly using 'hibernate.dialect' (remove the property setting and it will be selected by default)
2025-06-24 15:05:21,347 INFO o.h.e.j.e.i.JdbcEnvironmentInitiator [restartedMain] HHH10001005: Database info:
	Database JDBC URL [Connecting through datasource 'HikariDataSource (HikariPool-3)']
	Database driver: undefined/unknown
	Database version: 2.3.232
	Autocommit mode: undefined/unknown
	Isolation level: undefined/unknown
	Minimum pool size: undefined/unknown
	Maximum pool size: undefined/unknown
2025-06-24 15:05:21,439 INFO o.h.e.t.j.p.i.JtaPlatformInitiator [restartedMain] HHH000489: No JTA platform available (set 'hibernate.transaction.jta.platform' to enable JTA platform integration)
2025-06-24 15:05:21,445 INFO o.s.o.j.AbstractEntityManagerFactoryBean [restartedMain] Initialized JPA EntityManagerFactory for persistence unit 'default'
2025-06-24 15:05:21,597 INFO o.s.s.c.a.a.c.InitializeAuthenticationProviderBeanManagerConfigurer$InitializeAuthenticationProviderManagerConfigurer [restartedMain] Global AuthenticationManager configured with AuthenticationProvider bean with name authenticationProvider
2025-06-24 15:05:21,597 WARN o.s.s.c.a.a.c.InitializeUserDetailsBeanManagerConfigurer$InitializeUserDetailsManagerConfigurer [restartedMain] Global AuthenticationManager configured with an AuthenticationProvider bean. UserDetailsService beans will not be used by Spring Security for automatically configuring username/password login. Consider removing the AuthenticationProvider bean. Alternatively, consider using the UserDetailsService in a manually instantiated DaoAuthenticationProvider. If the current configuration is intentional, to turn off this warning, increase the logging level of 'org.springframework.security.config.annotation.authentication.configuration.InitializeUserDetailsBeanManagerConfigurer' to ERROR
2025-06-24 15:05:21,650 WARN o.s.b.a.o.j.JpaBaseConfiguration$JpaWebConfiguration [restartedMain] spring.jpa.open-in-view is enabled by default. Therefore, database queries may be performed during view rendering. Explicitly configure spring.jpa.open-in-view to disable this warning
2025-06-24 15:05:21,803 INFO o.s.b.a.h.H2ConsoleAutoConfiguration$H2ConsoleLogger [restartedMain] H2 console available at '/h2-console'. Database available at 'jdbc:h2:file:/Userdisk/personal_git/HOME_SERVICES/HomeServices/src/main/resources/homeservices_db'
2025-06-24 15:05:21,817 WARN o.s.s.c.a.w.b.WebSecurity [restartedMain] You are asking Spring Security to ignore Ant [pattern='/h2-console/**']. This is not recommended -- please use permitAll via HttpSecurity#authorizeHttpRequests instead.
2025-06-24 15:05:21,829 INFO o.s.b.d.a.OptionalLiveReloadServer [restartedMain] LiveReload server is running on port 35729
2025-06-24 15:05:21,837 INFO o.a.j.l.DirectJDKLog [restartedMain] Starting ProtocolHandler ["http-nio-8080"]
2025-06-24 15:05:21,838 INFO o.s.b.w.e.t.TomcatWebServer [restartedMain] Tomcat started on port 8080 (http) with context path '/'
2025-06-24 15:05:21,842 INFO o.s.b.StartupInfoLogger [restartedMain] Started HomeServicesApplication in 0.778 seconds (process running for 162.404)
2025-06-24 15:05:21,847 INFO o.s.b.d.a.ConditionEvaluationDeltaLoggingListener [restartedMain] Condition evaluation unchanged
2025-06-24 15:05:26,446 INFO o.a.j.l.DirectJDKLog [http-nio-8080-exec-2] Initializing Spring DispatcherServlet 'dispatcherServlet'
2025-06-24 15:05:26,447 INFO o.s.w.s.FrameworkServlet [http-nio-8080-exec-2] Initializing Servlet 'dispatcherServlet'
2025-06-24 15:05:26,449 INFO o.s.w.s.FrameworkServlet [http-nio-8080-exec-2] Completed initialization in 2 ms
2025-06-24 15:05:26,456 INFO c.h.c.AuthenticationController [http-nio-8080-exec-2] <------ AuthenticationController : register (BEGIN) ------>
2025-06-24 15:05:26,459 INFO c.h.c.AuthenticationController [http-nio-8080-exec-2] user's tracking id is : abcd1234-5678-90ef-ghij-klmnopqrstuv
2025-06-24 15:05:26,459 INFO c.h.s.i.UserLoginProfileServiceImpl [http-nio-8080-exec-2] <------ UserLoginProfileServiceImpl : register (BEGIN) with request => SignupRequest(username=john_dose, email=john.dose@example.com, password=SecureP@ss123, mobilenumber=9876543210) ------>
2025-06-24 15:05:26,474 INFO c.h.c.AuthenticationController [http-nio-8080-exec-2] <------ AuthenticationController : register (FAILED) with message = User Already exists with Mobile Number---> 9876543210------>
2025-06-24 15:05:52,315 INFO o.s.b.d.a.LocalDevToolsAutoConfiguration$RestartingClassPathChangeChangedEventListener [File Watcher] Restarting due to 2 class path changes (0 additions, 0 deletions, 2 modifications)
2025-06-24 15:05:52,318 INFO o.s.b.w.e.t.GracefulShutdown [Thread-12] Commencing graceful shutdown. Waiting for active requests to complete
2025-06-24 15:05:52,319 INFO o.a.j.l.DirectJDKLog [tomcat-shutdown] Pausing ProtocolHandler ["http-nio-8080"]
2025-06-24 15:05:52,321 INFO o.s.b.w.e.t.GracefulShutdown [tomcat-shutdown] Graceful shutdown complete
2025-06-24 15:05:52,321 INFO o.a.j.l.DirectJDKLog [Thread-12] Stopping ProtocolHandler ["http-nio-8080"]
2025-06-24 15:05:52,327 INFO o.s.o.j.AbstractEntityManagerFactoryBean [Thread-12] Closing JPA EntityManagerFactory for persistence unit 'default'
2025-06-24 15:05:52,329 INFO c.z.h.HikariDataSource [Thread-12] HikariPool-3 - Shutdown initiated...
2025-06-24 15:05:52,387 INFO c.z.h.HikariDataSource [Thread-12] HikariPool-3 - Shutdown completed.
2025-06-24 15:05:52,518 INFO o.s.b.StartupInfoLogger [restartedMain] Starting HomeServicesApplication using Java 17.0.1 with PID 181464 (/Userdisk/personal_git/HOME_SERVICES/HomeServices/target/classes started by karunkumar in /Userdisk/personal_git/HOME_SERVICES/HomeServices)
2025-06-24 15:05:52,519 INFO o.s.b.SpringApplication [restartedMain] The following 1 profile is active: "dev"
2025-06-24 15:05:52,649 INFO o.s.d.r.c.RepositoryConfigurationDelegate [restartedMain] Bootstrapping Spring Data JPA repositories in DEFAULT mode.
2025-06-24 15:05:52,661 INFO o.s.d.r.c.RepositoryConfigurationDelegate [restartedMain] Finished Spring Data repository scanning in 9 ms. Found 8 JPA repository interfaces.
2025-06-24 15:05:52,787 INFO o.s.b.w.e.t.TomcatWebServer [restartedMain] Tomcat initialized with port 8080 (http)
2025-06-24 15:05:52,787 INFO o.a.j.l.DirectJDKLog [restartedMain] Initializing ProtocolHandler ["http-nio-8080"]
2025-06-24 15:05:52,787 INFO o.a.j.l.DirectJDKLog [restartedMain] Starting service [Tomcat]
2025-06-24 15:05:52,787 INFO o.a.j.l.DirectJDKLog [restartedMain] Starting Servlet engine: [Apache Tomcat/10.1.40]
2025-06-24 15:05:52,793 INFO o.a.j.l.DirectJDKLog [restartedMain] Initializing Spring embedded WebApplicationContext
2025-06-24 15:05:52,793 INFO o.s.b.w.s.c.ServletWebServerApplicationContext [restartedMain] Root WebApplicationContext: initialization completed in 272 ms
2025-06-24 15:05:52,830 INFO o.h.j.i.u.LogHelper [restartedMain] HHH000204: Processing PersistenceUnitInfo [name: default]
2025-06-24 15:05:52,833 INFO o.h.c.i.RegionFactoryInitiator [restartedMain] HHH000026: Second-level cache disabled
2025-06-24 15:05:52,839 INFO o.s.o.j.p.SpringPersistenceUnitInfo [restartedMain] No LoadTimeWeaver setup: ignoring JPA class transformer
2025-06-24 15:05:52,839 INFO c.z.h.HikariDataSource [restartedMain] HikariPool-4 - Starting...
2025-06-24 15:05:52,845 INFO c.z.h.p.HikariPool [restartedMain] HikariPool-4 - Added connection conn30: url=jdbc:h2:file:/Userdisk/personal_git/HOME_SERVICES/HomeServices/src/main/resources/homeservices_db user=ROOT
2025-06-24 15:05:52,845 INFO c.z.h.HikariDataSource [restartedMain] HikariPool-4 - Start completed.
2025-06-24 15:05:52,845 WARN o.h.e.j.d.i.DialectFactoryImpl [restartedMain] HHH90000025: H2Dialect does not need to be specified explicitly using 'hibernate.dialect' (remove the property setting and it will be selected by default)
2025-06-24 15:05:52,846 INFO o.h.e.j.e.i.JdbcEnvironmentInitiator [restartedMain] HHH10001005: Database info:
	Database JDBC URL [Connecting through datasource 'HikariDataSource (HikariPool-4)']
	Database driver: undefined/unknown
	Database version: 2.3.232
	Autocommit mode: undefined/unknown
	Isolation level: undefined/unknown
	Minimum pool size: undefined/unknown
	Maximum pool size: undefined/unknown
2025-06-24 15:05:52,961 INFO o.h.e.t.j.p.i.JtaPlatformInitiator [restartedMain] HHH000489: No JTA platform available (set 'hibernate.transaction.jta.platform' to enable JTA platform integration)
2025-06-24 15:05:52,969 INFO o.s.o.j.AbstractEntityManagerFactoryBean [restartedMain] Initialized JPA EntityManagerFactory for persistence unit 'default'
2025-06-24 15:05:53,144 INFO o.s.s.c.a.a.c.InitializeAuthenticationProviderBeanManagerConfigurer$InitializeAuthenticationProviderManagerConfigurer [restartedMain] Global AuthenticationManager configured with AuthenticationProvider bean with name authenticationProvider
2025-06-24 15:05:53,144 WARN o.s.s.c.a.a.c.InitializeUserDetailsBeanManagerConfigurer$InitializeUserDetailsManagerConfigurer [restartedMain] Global AuthenticationManager configured with an AuthenticationProvider bean. UserDetailsService beans will not be used by Spring Security for automatically configuring username/password login. Consider removing the AuthenticationProvider bean. Alternatively, consider using the UserDetailsService in a manually instantiated DaoAuthenticationProvider. If the current configuration is intentional, to turn off this warning, increase the logging level of 'org.springframework.security.config.annotation.authentication.configuration.InitializeUserDetailsBeanManagerConfigurer' to ERROR
2025-06-24 15:05:53,199 WARN o.s.b.a.o.j.JpaBaseConfiguration$JpaWebConfiguration [restartedMain] spring.jpa.open-in-view is enabled by default. Therefore, database queries may be performed during view rendering. Explicitly configure spring.jpa.open-in-view to disable this warning
2025-06-24 15:05:53,385 INFO o.s.b.a.h.H2ConsoleAutoConfiguration$H2ConsoleLogger [restartedMain] H2 console available at '/h2-console'. Database available at 'jdbc:h2:file:/Userdisk/personal_git/HOME_SERVICES/HomeServices/src/main/resources/homeservices_db'
2025-06-24 15:05:53,402 WARN o.s.s.c.a.w.b.WebSecurity [restartedMain] You are asking Spring Security to ignore Ant [pattern='/h2-console/**']. This is not recommended -- please use permitAll via HttpSecurity#authorizeHttpRequests instead.
2025-06-24 15:05:53,418 INFO o.s.b.d.a.OptionalLiveReloadServer [restartedMain] LiveReload server is running on port 35729
2025-06-24 15:05:53,427 INFO o.a.j.l.DirectJDKLog [restartedMain] Starting ProtocolHandler ["http-nio-8080"]
2025-06-24 15:05:53,428 INFO o.s.b.w.e.t.TomcatWebServer [restartedMain] Tomcat started on port 8080 (http) with context path '/'
2025-06-24 15:05:53,432 INFO o.s.b.StartupInfoLogger [restartedMain] Started HomeServicesApplication in 0.952 seconds (process running for 193.994)
2025-06-24 15:05:53,439 INFO o.s.b.d.a.ConditionEvaluationDeltaLoggingListener [restartedMain] Condition evaluation unchanged
2025-06-24 15:05:57,578 INFO o.a.j.l.DirectJDKLog [http-nio-8080-exec-2] Initializing Spring DispatcherServlet 'dispatcherServlet'
2025-06-24 15:05:57,579 INFO o.s.w.s.FrameworkServlet [http-nio-8080-exec-2] Initializing Servlet 'dispatcherServlet'
2025-06-24 15:05:57,580 INFO o.s.w.s.FrameworkServlet [http-nio-8080-exec-2] Completed initialization in 1 ms
2025-06-24 15:05:57,594 INFO c.h.c.AuthenticationController [http-nio-8080-exec-2] <------ AuthenticationController : register (BEGIN) ------>
2025-06-24 15:05:57,597 INFO c.h.c.AuthenticationController [http-nio-8080-exec-2] user's tracking id is : abcd1234-5678-90ef-ghij-klmnopqrstuv
2025-06-24 15:05:57,599 INFO c.h.s.i.UserLoginProfileServiceImpl [http-nio-8080-exec-2] <------ UserLoginProfileServiceImpl : register (BEGIN) with request => SignupRequest(username=john_dose, email=john.dose@example.com, password=SecureP@ss123, mobilenumber=9876543210) ------>
2025-06-24 15:05:57,609 INFO c.h.c.AuthenticationController [http-nio-8080-exec-2] <------ AuthenticationController : register (FAILED) with message = User Already exists with Mobile Number---> 9876543210------>
2025-06-24 15:06:09,266 INFO o.s.b.d.a.LocalDevToolsAutoConfiguration$RestartingClassPathChangeChangedEventListener [File Watcher] Restarting due to 2 class path changes (0 additions, 0 deletions, 2 modifications)
2025-06-24 15:06:09,270 INFO o.s.b.w.e.t.GracefulShutdown [Thread-16] Commencing graceful shutdown. Waiting for active requests to complete
2025-06-24 15:06:09,272 INFO o.a.j.l.DirectJDKLog [tomcat-shutdown] Pausing ProtocolHandler ["http-nio-8080"]
2025-06-24 15:06:09,273 INFO o.s.b.w.e.t.GracefulShutdown [tomcat-shutdown] Graceful shutdown complete
2025-06-24 15:06:09,274 INFO o.a.j.l.DirectJDKLog [Thread-16] Stopping ProtocolHandler ["http-nio-8080"]
2025-06-24 15:06:09,279 INFO o.s.o.j.AbstractEntityManagerFactoryBean [Thread-16] Closing JPA EntityManagerFactory for persistence unit 'default'
2025-06-24 15:06:09,281 INFO c.z.h.HikariDataSource [Thread-16] HikariPool-4 - Shutdown initiated...
2025-06-24 15:06:09,329 INFO c.z.h.HikariDataSource [Thread-16] HikariPool-4 - Shutdown completed.
2025-06-24 15:06:09,449 INFO o.s.b.StartupInfoLogger [restartedMain] Starting HomeServicesApplication using Java 17.0.1 with PID 181464 (/Userdisk/personal_git/HOME_SERVICES/HomeServices/target/classes started by karunkumar in /Userdisk/personal_git/HOME_SERVICES/HomeServices)
2025-06-24 15:06:09,450 INFO o.s.b.SpringApplication [restartedMain] The following 1 profile is active: "dev"
2025-06-24 15:06:09,559 INFO o.s.d.r.c.RepositoryConfigurationDelegate [restartedMain] Bootstrapping Spring Data JPA repositories in DEFAULT mode.
2025-06-24 15:06:09,569 INFO o.s.d.r.c.RepositoryConfigurationDelegate [restartedMain] Finished Spring Data repository scanning in 9 ms. Found 8 JPA repository interfaces.
2025-06-24 15:06:09,656 INFO o.s.b.w.e.t.TomcatWebServer [restartedMain] Tomcat initialized with port 8080 (http)
2025-06-24 15:06:09,657 INFO o.a.j.l.DirectJDKLog [restartedMain] Initializing ProtocolHandler ["http-nio-8080"]
2025-06-24 15:06:09,657 INFO o.a.j.l.DirectJDKLog [restartedMain] Starting service [Tomcat]
2025-06-24 15:06:09,657 INFO o.a.j.l.DirectJDKLog [restartedMain] Starting Servlet engine: [Apache Tomcat/10.1.40]
2025-06-24 15:06:09,661 INFO o.a.j.l.DirectJDKLog [restartedMain] Initializing Spring embedded WebApplicationContext
2025-06-24 15:06:09,661 INFO o.s.b.w.s.c.ServletWebServerApplicationContext [restartedMain] Root WebApplicationContext: initialization completed in 209 ms
2025-06-24 15:06:09,690 INFO o.h.j.i.u.LogHelper [restartedMain] HHH000204: Processing PersistenceUnitInfo [name: default]
2025-06-24 15:06:09,691 INFO o.h.c.i.RegionFactoryInitiator [restartedMain] HHH000026: Second-level cache disabled
2025-06-24 15:06:09,695 INFO o.s.o.j.p.SpringPersistenceUnitInfo [restartedMain] No LoadTimeWeaver setup: ignoring JPA class transformer
2025-06-24 15:06:09,695 INFO c.z.h.HikariDataSource [restartedMain] HikariPool-5 - Starting...
2025-06-24 15:06:09,700 INFO c.z.h.p.HikariPool [restartedMain] HikariPool-5 - Added connection conn40: url=jdbc:h2:file:/Userdisk/personal_git/HOME_SERVICES/HomeServices/src/main/resources/homeservices_db user=ROOT
2025-06-24 15:06:09,701 INFO c.z.h.HikariDataSource [restartedMain] HikariPool-5 - Start completed.
2025-06-24 15:06:09,701 WARN o.h.e.j.d.i.DialectFactoryImpl [restartedMain] HHH90000025: H2Dialect does not need to be specified explicitly using 'hibernate.dialect' (remove the property setting and it will be selected by default)
2025-06-24 15:06:09,701 INFO o.h.e.j.e.i.JdbcEnvironmentInitiator [restartedMain] HHH10001005: Database info:
	Database JDBC URL [Connecting through datasource 'HikariDataSource (HikariPool-5)']
	Database driver: undefined/unknown
	Database version: 2.3.232
	Autocommit mode: undefined/unknown
	Isolation level: undefined/unknown
	Minimum pool size: undefined/unknown
	Maximum pool size: undefined/unknown
2025-06-24 15:06:09,775 INFO o.h.e.t.j.p.i.JtaPlatformInitiator [restartedMain] HHH000489: No JTA platform available (set 'hibernate.transaction.jta.platform' to enable JTA platform integration)
2025-06-24 15:06:09,779 INFO o.s.o.j.AbstractEntityManagerFactoryBean [restartedMain] Initialized JPA EntityManagerFactory for persistence unit 'default'
2025-06-24 15:06:09,925 INFO o.s.s.c.a.a.c.InitializeAuthenticationProviderBeanManagerConfigurer$InitializeAuthenticationProviderManagerConfigurer [restartedMain] Global AuthenticationManager configured with AuthenticationProvider bean with name authenticationProvider
2025-06-24 15:06:09,925 WARN o.s.s.c.a.a.c.InitializeUserDetailsBeanManagerConfigurer$InitializeUserDetailsManagerConfigurer [restartedMain] Global AuthenticationManager configured with an AuthenticationProvider bean. UserDetailsService beans will not be used by Spring Security for automatically configuring username/password login. Consider removing the AuthenticationProvider bean. Alternatively, consider using the UserDetailsService in a manually instantiated DaoAuthenticationProvider. If the current configuration is intentional, to turn off this warning, increase the logging level of 'org.springframework.security.config.annotation.authentication.configuration.InitializeUserDetailsBeanManagerConfigurer' to ERROR
2025-06-24 15:06:09,970 WARN o.s.b.a.o.j.JpaBaseConfiguration$JpaWebConfiguration [restartedMain] spring.jpa.open-in-view is enabled by default. Therefore, database queries may be performed during view rendering. Explicitly configure spring.jpa.open-in-view to disable this warning
2025-06-24 15:06:10,122 INFO o.s.b.a.h.H2ConsoleAutoConfiguration$H2ConsoleLogger [restartedMain] H2 console available at '/h2-console'. Database available at 'jdbc:h2:file:/Userdisk/personal_git/HOME_SERVICES/HomeServices/src/main/resources/homeservices_db'
2025-06-24 15:06:10,138 WARN o.s.s.c.a.w.b.WebSecurity [restartedMain] You are asking Spring Security to ignore Ant [pattern='/h2-console/**']. This is not recommended -- please use permitAll via HttpSecurity#authorizeHttpRequests instead.
2025-06-24 15:06:10,151 INFO o.s.b.d.a.OptionalLiveReloadServer [restartedMain] LiveReload server is running on port 35729
2025-06-24 15:06:10,159 INFO o.a.j.l.DirectJDKLog [restartedMain] Starting ProtocolHandler ["http-nio-8080"]
2025-06-24 15:06:10,160 INFO o.s.b.w.e.t.TomcatWebServer [restartedMain] Tomcat started on port 8080 (http) with context path '/'
2025-06-24 15:06:10,164 INFO o.s.b.StartupInfoLogger [restartedMain] Started HomeServicesApplication in 0.744 seconds (process running for 210.726)
2025-06-24 15:06:10,169 INFO o.s.b.d.a.ConditionEvaluationDeltaLoggingListener [restartedMain] Condition evaluation unchanged
2025-06-24 15:06:12,116 INFO o.a.j.l.DirectJDKLog [http-nio-8080-exec-2] Initializing Spring DispatcherServlet 'dispatcherServlet'
2025-06-24 15:06:12,116 INFO o.s.w.s.FrameworkServlet [http-nio-8080-exec-2] Initializing Servlet 'dispatcherServlet'
2025-06-24 15:06:12,118 INFO o.s.w.s.FrameworkServlet [http-nio-8080-exec-2] Completed initialization in 2 ms
2025-06-24 15:06:12,131 INFO c.h.c.AuthenticationController [http-nio-8080-exec-2] <------ AuthenticationController : register (BEGIN) ------>
2025-06-24 15:06:12,138 INFO c.h.c.AuthenticationController [http-nio-8080-exec-2] user's tracking id is : abcd1234-5678-90ef-ghij-klmnopqrstuv
2025-06-24 15:06:12,139 INFO c.h.s.i.UserLoginProfileServiceImpl [http-nio-8080-exec-2] <------ UserLoginProfileServiceImpl : register (BEGIN) with request => SignupRequest(username=john_dose, email=john.dose@example.com, password=SecureP@ss123, mobilenumber=9876543210) ------>
2025-06-24 15:06:12,150 INFO c.h.c.AuthenticationController [http-nio-8080-exec-2] <------ AuthenticationController : register (FAILED) with message = User Already exists with Mobile Number---> 9876543210------>
2025-06-24 15:06:46,644 INFO o.s.b.d.a.LocalDevToolsAutoConfiguration$RestartingClassPathChangeChangedEventListener [File Watcher] Restarting due to 2 class path changes (0 additions, 0 deletions, 2 modifications)
2025-06-24 15:06:46,646 INFO o.s.b.w.e.t.GracefulShutdown [Thread-20] Commencing graceful shutdown. Waiting for active requests to complete
2025-06-24 15:06:46,647 INFO o.a.j.l.DirectJDKLog [tomcat-shutdown] Pausing ProtocolHandler ["http-nio-8080"]
2025-06-24 15:06:46,649 INFO o.s.b.w.e.t.GracefulShutdown [tomcat-shutdown] Graceful shutdown complete
2025-06-24 15:06:46,649 INFO o.a.j.l.DirectJDKLog [Thread-20] Stopping ProtocolHandler ["http-nio-8080"]
2025-06-24 15:06:46,653 INFO o.s.o.j.AbstractEntityManagerFactoryBean [Thread-20] Closing JPA EntityManagerFactory for persistence unit 'default'
2025-06-24 15:06:46,654 INFO c.z.h.HikariDataSource [Thread-20] HikariPool-5 - Shutdown initiated...
2025-06-24 15:06:46,691 INFO c.z.h.HikariDataSource [Thread-20] HikariPool-5 - Shutdown completed.
2025-06-24 15:06:46,770 INFO o.s.b.StartupInfoLogger [restartedMain] Starting HomeServicesApplication using Java 17.0.1 with PID 181464 (/Userdisk/personal_git/HOME_SERVICES/HomeServices/target/classes started by karunkumar in /Userdisk/personal_git/HOME_SERVICES/HomeServices)
2025-06-24 15:06:46,771 INFO o.s.b.SpringApplication [restartedMain] The following 1 profile is active: "dev"
2025-06-24 15:06:46,859 INFO o.s.d.r.c.RepositoryConfigurationDelegate [restartedMain] Bootstrapping Spring Data JPA repositories in DEFAULT mode.
2025-06-24 15:06:46,867 INFO o.s.d.r.c.RepositoryConfigurationDelegate [restartedMain] Finished Spring Data repository scanning in 7 ms. Found 8 JPA repository interfaces.
2025-06-24 15:06:46,955 INFO o.s.b.w.e.t.TomcatWebServer [restartedMain] Tomcat initialized with port 8080 (http)
2025-06-24 15:06:46,956 INFO o.a.j.l.DirectJDKLog [restartedMain] Initializing ProtocolHandler ["http-nio-8080"]
2025-06-24 15:06:46,956 INFO o.a.j.l.DirectJDKLog [restartedMain] Starting service [Tomcat]
2025-06-24 15:06:46,956 INFO o.a.j.l.DirectJDKLog [restartedMain] Starting Servlet engine: [Apache Tomcat/10.1.40]
2025-06-24 15:06:46,960 INFO o.a.j.l.DirectJDKLog [restartedMain] Initializing Spring embedded WebApplicationContext
2025-06-24 15:06:46,960 INFO o.s.b.w.s.c.ServletWebServerApplicationContext [restartedMain] Root WebApplicationContext: initialization completed in 189 ms
2025-06-24 15:06:46,988 INFO o.h.j.i.u.LogHelper [restartedMain] HHH000204: Processing PersistenceUnitInfo [name: default]
2025-06-24 15:06:46,989 INFO o.h.c.i.RegionFactoryInitiator [restartedMain] HHH000026: Second-level cache disabled
2025-06-24 15:06:46,993 INFO o.s.o.j.p.SpringPersistenceUnitInfo [restartedMain] No LoadTimeWeaver setup: ignoring JPA class transformer
2025-06-24 15:06:46,994 INFO c.z.h.HikariDataSource [restartedMain] HikariPool-6 - Starting...
2025-06-24 15:06:46,998 INFO c.z.h.p.HikariPool [restartedMain] HikariPool-6 - Added connection conn50: url=jdbc:h2:file:/Userdisk/personal_git/HOME_SERVICES/HomeServices/src/main/resources/homeservices_db user=ROOT
2025-06-24 15:06:46,998 INFO c.z.h.HikariDataSource [restartedMain] HikariPool-6 - Start completed.
2025-06-24 15:06:46,998 WARN o.h.e.j.d.i.DialectFactoryImpl [restartedMain] HHH90000025: H2Dialect does not need to be specified explicitly using 'hibernate.dialect' (remove the property setting and it will be selected by default)
2025-06-24 15:06:46,998 INFO o.h.e.j.e.i.JdbcEnvironmentInitiator [restartedMain] HHH10001005: Database info:
	Database JDBC URL [Connecting through datasource 'HikariDataSource (HikariPool-6)']
	Database driver: undefined/unknown
	Database version: 2.3.232
	Autocommit mode: undefined/unknown
	Isolation level: undefined/unknown
	Minimum pool size: undefined/unknown
	Maximum pool size: undefined/unknown
2025-06-24 15:06:47,065 INFO o.h.e.t.j.p.i.JtaPlatformInitiator [restartedMain] HHH000489: No JTA platform available (set 'hibernate.transaction.jta.platform' to enable JTA platform integration)
2025-06-24 15:06:47,069 INFO o.s.o.j.AbstractEntityManagerFactoryBean [restartedMain] Initialized JPA EntityManagerFactory for persistence unit 'default'
2025-06-24 15:06:47,199 INFO o.s.s.c.a.a.c.InitializeAuthenticationProviderBeanManagerConfigurer$InitializeAuthenticationProviderManagerConfigurer [restartedMain] Global AuthenticationManager configured with AuthenticationProvider bean with name authenticationProvider
2025-06-24 15:06:47,199 WARN o.s.s.c.a.a.c.InitializeUserDetailsBeanManagerConfigurer$InitializeUserDetailsManagerConfigurer [restartedMain] Global AuthenticationManager configured with an AuthenticationProvider bean. UserDetailsService beans will not be used by Spring Security for automatically configuring username/password login. Consider removing the AuthenticationProvider bean. Alternatively, consider using the UserDetailsService in a manually instantiated DaoAuthenticationProvider. If the current configuration is intentional, to turn off this warning, increase the logging level of 'org.springframework.security.config.annotation.authentication.configuration.InitializeUserDetailsBeanManagerConfigurer' to ERROR
2025-06-24 15:06:47,243 WARN o.s.b.a.o.j.JpaBaseConfiguration$JpaWebConfiguration [restartedMain] spring.jpa.open-in-view is enabled by default. Therefore, database queries may be performed during view rendering. Explicitly configure spring.jpa.open-in-view to disable this warning
2025-06-24 15:06:47,394 INFO o.s.b.a.h.H2ConsoleAutoConfiguration$H2ConsoleLogger [restartedMain] H2 console available at '/h2-console'. Database available at 'jdbc:h2:file:/Userdisk/personal_git/HOME_SERVICES/HomeServices/src/main/resources/homeservices_db'
2025-06-24 15:06:47,408 WARN o.s.s.c.a.w.b.WebSecurity [restartedMain] You are asking Spring Security to ignore Ant [pattern='/h2-console/**']. This is not recommended -- please use permitAll via HttpSecurity#authorizeHttpRequests instead.
2025-06-24 15:06:47,420 INFO o.s.b.d.a.OptionalLiveReloadServer [restartedMain] LiveReload server is running on port 35729
2025-06-24 15:06:47,427 INFO o.a.j.l.DirectJDKLog [restartedMain] Starting ProtocolHandler ["http-nio-8080"]
2025-06-24 15:06:47,429 INFO o.s.b.w.e.t.TomcatWebServer [restartedMain] Tomcat started on port 8080 (http) with context path '/'
2025-06-24 15:06:47,432 INFO o.s.b.StartupInfoLogger [restartedMain] Started HomeServicesApplication in 0.684 seconds (process running for 247.994)
2025-06-24 15:06:47,436 INFO o.s.b.d.a.ConditionEvaluationDeltaLoggingListener [restartedMain] Condition evaluation unchanged
2025-06-24 15:09:23,211 INFO o.s.b.d.a.LocalDevToolsAutoConfiguration$RestartingClassPathChangeChangedEventListener [File Watcher] Restarting due to 2 class path changes (0 additions, 0 deletions, 2 modifications)
2025-06-24 15:09:23,214 INFO o.s.b.w.e.t.GracefulShutdown [Thread-24] Commencing graceful shutdown. Waiting for active requests to complete
2025-06-24 15:09:23,215 INFO o.a.j.l.DirectJDKLog [tomcat-shutdown] Pausing ProtocolHandler ["http-nio-8080"]
2025-06-24 15:09:23,217 INFO o.s.b.w.e.t.GracefulShutdown [tomcat-shutdown] Graceful shutdown complete
2025-06-24 15:09:23,217 INFO o.a.j.l.DirectJDKLog [Thread-24] Stopping ProtocolHandler ["http-nio-8080"]
2025-06-24 15:09:23,223 INFO o.s.o.j.AbstractEntityManagerFactoryBean [Thread-24] Closing JPA EntityManagerFactory for persistence unit 'default'
2025-06-24 15:09:23,224 INFO c.z.h.HikariDataSource [Thread-24] HikariPool-6 - Shutdown initiated...
2025-06-24 15:09:23,270 INFO c.z.h.HikariDataSource [Thread-24] HikariPool-6 - Shutdown completed.
2025-06-24 15:09:23,390 INFO o.s.b.StartupInfoLogger [restartedMain] Starting HomeServicesApplication using Java 17.0.1 with PID 181464 (/Userdisk/personal_git/HOME_SERVICES/HomeServices/target/classes started by karunkumar in /Userdisk/personal_git/HOME_SERVICES/HomeServices)
2025-06-24 15:09:23,390 INFO o.s.b.SpringApplication [restartedMain] The following 1 profile is active: "dev"
2025-06-24 15:09:23,472 INFO o.s.d.r.c.RepositoryConfigurationDelegate [restartedMain] Bootstrapping Spring Data JPA repositories in DEFAULT mode.
2025-06-24 15:09:23,481 INFO o.s.d.r.c.RepositoryConfigurationDelegate [restartedMain] Finished Spring Data repository scanning in 8 ms. Found 8 JPA repository interfaces.
2025-06-24 15:09:23,570 INFO o.s.b.w.e.t.TomcatWebServer [restartedMain] Tomcat initialized with port 8080 (http)
2025-06-24 15:09:23,570 INFO o.a.j.l.DirectJDKLog [restartedMain] Initializing ProtocolHandler ["http-nio-8080"]
2025-06-24 15:09:23,570 INFO o.a.j.l.DirectJDKLog [restartedMain] Starting service [Tomcat]
2025-06-24 15:09:23,571 INFO o.a.j.l.DirectJDKLog [restartedMain] Starting Servlet engine: [Apache Tomcat/10.1.40]
2025-06-24 15:09:23,575 INFO o.a.j.l.DirectJDKLog [restartedMain] Initializing Spring embedded WebApplicationContext
2025-06-24 15:09:23,575 INFO o.s.b.w.s.c.ServletWebServerApplicationContext [restartedMain] Root WebApplicationContext: initialization completed in 184 ms
2025-06-24 15:09:23,604 INFO o.h.j.i.u.LogHelper [restartedMain] HHH000204: Processing PersistenceUnitInfo [name: default]
2025-06-24 15:09:23,605 INFO o.h.c.i.RegionFactoryInitiator [restartedMain] HHH000026: Second-level cache disabled
2025-06-24 15:09:23,608 INFO o.s.o.j.p.SpringPersistenceUnitInfo [restartedMain] No LoadTimeWeaver setup: ignoring JPA class transformer
2025-06-24 15:09:23,609 INFO c.z.h.HikariDataSource [restartedMain] HikariPool-7 - Starting...
2025-06-24 15:09:23,613 INFO c.z.h.p.HikariPool [restartedMain] HikariPool-7 - Added connection conn60: url=jdbc:h2:file:/Userdisk/personal_git/HOME_SERVICES/HomeServices/src/main/resources/homeservices_db user=ROOT
2025-06-24 15:09:23,613 INFO c.z.h.HikariDataSource [restartedMain] HikariPool-7 - Start completed.
2025-06-24 15:09:23,614 WARN o.h.e.j.d.i.DialectFactoryImpl [restartedMain] HHH90000025: H2Dialect does not need to be specified explicitly using 'hibernate.dialect' (remove the property setting and it will be selected by default)
2025-06-24 15:09:23,615 INFO o.h.e.j.e.i.JdbcEnvironmentInitiator [restartedMain] HHH10001005: Database info:
	Database JDBC URL [Connecting through datasource 'HikariDataSource (HikariPool-7)']
	Database driver: undefined/unknown
	Database version: 2.3.232
	Autocommit mode: undefined/unknown
	Isolation level: undefined/unknown
	Minimum pool size: undefined/unknown
	Maximum pool size: undefined/unknown
2025-06-24 15:09:23,691 INFO o.h.e.t.j.p.i.JtaPlatformInitiator [restartedMain] HHH000489: No JTA platform available (set 'hibernate.transaction.jta.platform' to enable JTA platform integration)
2025-06-24 15:09:23,694 INFO o.s.o.j.AbstractEntityManagerFactoryBean [restartedMain] Initialized JPA EntityManagerFactory for persistence unit 'default'
2025-06-24 15:09:23,827 INFO o.s.s.c.a.a.c.InitializeAuthenticationProviderBeanManagerConfigurer$InitializeAuthenticationProviderManagerConfigurer [restartedMain] Global AuthenticationManager configured with AuthenticationProvider bean with name authenticationProvider
2025-06-24 15:09:23,827 WARN o.s.s.c.a.a.c.InitializeUserDetailsBeanManagerConfigurer$InitializeUserDetailsManagerConfigurer [restartedMain] Global AuthenticationManager configured with an AuthenticationProvider bean. UserDetailsService beans will not be used by Spring Security for automatically configuring username/password login. Consider removing the AuthenticationProvider bean. Alternatively, consider using the UserDetailsService in a manually instantiated DaoAuthenticationProvider. If the current configuration is intentional, to turn off this warning, increase the logging level of 'org.springframework.security.config.annotation.authentication.configuration.InitializeUserDetailsBeanManagerConfigurer' to ERROR
2025-06-24 15:09:23,869 WARN o.s.b.a.o.j.JpaBaseConfiguration$JpaWebConfiguration [restartedMain] spring.jpa.open-in-view is enabled by default. Therefore, database queries may be performed during view rendering. Explicitly configure spring.jpa.open-in-view to disable this warning
2025-06-24 15:09:24,027 INFO o.s.b.a.h.H2ConsoleAutoConfiguration$H2ConsoleLogger [restartedMain] H2 console available at '/h2-console'. Database available at 'jdbc:h2:file:/Userdisk/personal_git/HOME_SERVICES/HomeServices/src/main/resources/homeservices_db'
2025-06-24 15:09:24,050 WARN o.s.s.c.a.w.b.WebSecurity [restartedMain] You are asking Spring Security to ignore Ant [pattern='/h2-console/**']. This is not recommended -- please use permitAll via HttpSecurity#authorizeHttpRequests instead.
2025-06-24 15:09:24,063 INFO o.s.b.d.a.OptionalLiveReloadServer [restartedMain] LiveReload server is running on port 35729
2025-06-24 15:09:24,071 INFO o.a.j.l.DirectJDKLog [restartedMain] Starting ProtocolHandler ["http-nio-8080"]
2025-06-24 15:09:24,076 INFO o.s.b.w.e.t.TomcatWebServer [restartedMain] Tomcat started on port 8080 (http) with context path '/'
2025-06-24 15:09:24,079 INFO o.s.b.StartupInfoLogger [restartedMain] Started HomeServicesApplication in 0.717 seconds (process running for 404.642)
2025-06-24 15:09:24,084 INFO o.s.b.d.a.ConditionEvaluationDeltaLoggingListener [restartedMain] Condition evaluation unchanged
2025-06-24 15:09:31,532 INFO o.a.j.l.DirectJDKLog [http-nio-8080-exec-2] Initializing Spring DispatcherServlet 'dispatcherServlet'
2025-06-24 15:09:31,533 INFO o.s.w.s.FrameworkServlet [http-nio-8080-exec-2] Initializing Servlet 'dispatcherServlet'
2025-06-24 15:09:31,534 INFO o.s.w.s.FrameworkServlet [http-nio-8080-exec-2] Completed initialization in 1 ms
2025-06-24 15:09:31,538 INFO c.h.c.AuthenticationController [http-nio-8080-exec-2] <------ AuthenticationController : register (BEGIN) ------>
2025-06-24 15:09:31,540 INFO c.h.c.AuthenticationController [http-nio-8080-exec-2] user's tracking id is : abcd1234-5678-90ef-ghij-klmnopqrstuv
2025-06-24 15:09:31,540 INFO c.h.s.i.UserLoginProfileServiceImpl [http-nio-8080-exec-2] <------ UserLoginProfileServiceImpl : register (BEGIN) with request => SignupRequest(username=john_dose, email=john.dose@example.com, password=SecureP@ss123, mobilenumber=9876543210) ------>
2025-06-24 15:09:31,554 INFO c.h.c.AuthenticationController [http-nio-8080-exec-2] <------ AuthenticationController : register (FAILED) with message = User Already exists with Mobile Number---> 9876543210------>
2025-06-24 15:17:04,593 INFO o.s.b.d.a.LocalDevToolsAutoConfiguration$RestartingClassPathChangeChangedEventListener [File Watcher] Restarting due to 2 class path changes (1 addition, 0 deletions, 1 modification)
2025-06-24 15:17:04,596 INFO o.s.b.w.e.t.GracefulShutdown [Thread-28] Commencing graceful shutdown. Waiting for active requests to complete
2025-06-24 15:17:04,597 INFO o.a.j.l.DirectJDKLog [tomcat-shutdown] Pausing ProtocolHandler ["http-nio-8080"]
2025-06-24 15:17:04,598 INFO o.s.b.w.e.t.GracefulShutdown [tomcat-shutdown] Graceful shutdown complete
2025-06-24 15:17:04,599 INFO o.a.j.l.DirectJDKLog [Thread-28] Stopping ProtocolHandler ["http-nio-8080"]
2025-06-24 15:17:04,603 INFO o.s.o.j.AbstractEntityManagerFactoryBean [Thread-28] Closing JPA EntityManagerFactory for persistence unit 'default'
2025-06-24 15:17:04,604 INFO c.z.h.HikariDataSource [Thread-28] HikariPool-7 - Shutdown initiated...
2025-06-24 15:17:04,642 INFO c.z.h.HikariDataSource [Thread-28] HikariPool-7 - Shutdown completed.
2025-06-24 15:17:04,751 INFO o.s.b.StartupInfoLogger [restartedMain] Starting HomeServicesApplication using Java 17.0.1 with PID 181464 (/Userdisk/personal_git/HOME_SERVICES/HomeServices/target/classes started by karunkumar in /Userdisk/personal_git/HOME_SERVICES/HomeServices)
2025-06-24 15:17:04,751 INFO o.s.b.SpringApplication [restartedMain] The following 1 profile is active: "dev"
2025-06-24 15:17:04,840 INFO o.s.d.r.c.RepositoryConfigurationDelegate [restartedMain] Bootstrapping Spring Data JPA repositories in DEFAULT mode.
2025-06-24 15:17:04,850 INFO o.s.d.r.c.RepositoryConfigurationDelegate [restartedMain] Finished Spring Data repository scanning in 8 ms. Found 8 JPA repository interfaces.
2025-06-24 15:17:04,950 INFO o.s.b.w.e.t.TomcatWebServer [restartedMain] Tomcat initialized with port 8080 (http)
2025-06-24 15:17:04,950 INFO o.a.j.l.DirectJDKLog [restartedMain] Initializing ProtocolHandler ["http-nio-8080"]
2025-06-24 15:17:04,950 INFO o.a.j.l.DirectJDKLog [restartedMain] Starting service [Tomcat]
2025-06-24 15:17:04,950 INFO o.a.j.l.DirectJDKLog [restartedMain] Starting Servlet engine: [Apache Tomcat/10.1.40]
2025-06-24 15:17:04,956 INFO o.a.j.l.DirectJDKLog [restartedMain] Initializing Spring embedded WebApplicationContext
2025-06-24 15:17:04,956 INFO o.s.b.w.s.c.ServletWebServerApplicationContext [restartedMain] Root WebApplicationContext: initialization completed in 204 ms
2025-06-24 15:17:04,985 INFO o.h.j.i.u.LogHelper [restartedMain] HHH000204: Processing PersistenceUnitInfo [name: default]
2025-06-24 15:17:04,986 INFO o.h.c.i.RegionFactoryInitiator [restartedMain] HHH000026: Second-level cache disabled
2025-06-24 15:17:04,990 INFO o.s.o.j.p.SpringPersistenceUnitInfo [restartedMain] No LoadTimeWeaver setup: ignoring JPA class transformer
2025-06-24 15:17:04,991 INFO c.z.h.HikariDataSource [restartedMain] HikariPool-8 - Starting...
2025-06-24 15:17:04,995 INFO c.z.h.p.HikariPool [restartedMain] HikariPool-8 - Added connection conn70: url=jdbc:h2:file:/Userdisk/personal_git/HOME_SERVICES/HomeServices/src/main/resources/homeservices_db user=ROOT
2025-06-24 15:17:04,996 INFO c.z.h.HikariDataSource [restartedMain] HikariPool-8 - Start completed.
2025-06-24 15:17:04,996 WARN o.h.e.j.d.i.DialectFactoryImpl [restartedMain] HHH90000025: H2Dialect does not need to be specified explicitly using 'hibernate.dialect' (remove the property setting and it will be selected by default)
2025-06-24 15:17:04,996 INFO o.h.e.j.e.i.JdbcEnvironmentInitiator [restartedMain] HHH10001005: Database info:
	Database JDBC URL [Connecting through datasource 'HikariDataSource (HikariPool-8)']
	Database driver: undefined/unknown
	Database version: 2.3.232
	Autocommit mode: undefined/unknown
	Isolation level: undefined/unknown
	Minimum pool size: undefined/unknown
	Maximum pool size: undefined/unknown
2025-06-24 15:17:05,089 INFO o.h.e.t.j.p.i.JtaPlatformInitiator [restartedMain] HHH000489: No JTA platform available (set 'hibernate.transaction.jta.platform' to enable JTA platform integration)
2025-06-24 15:17:05,094 INFO o.s.o.j.AbstractEntityManagerFactoryBean [restartedMain] Initialized JPA EntityManagerFactory for persistence unit 'default'
2025-06-24 15:17:05,230 INFO o.s.s.c.a.a.c.InitializeAuthenticationProviderBeanManagerConfigurer$InitializeAuthenticationProviderManagerConfigurer [restartedMain] Global AuthenticationManager configured with AuthenticationProvider bean with name authenticationProvider
2025-06-24 15:17:05,230 WARN o.s.s.c.a.a.c.InitializeUserDetailsBeanManagerConfigurer$InitializeUserDetailsManagerConfigurer [restartedMain] Global AuthenticationManager configured with an AuthenticationProvider bean. UserDetailsService beans will not be used by Spring Security for automatically configuring username/password login. Consider removing the AuthenticationProvider bean. Alternatively, consider using the UserDetailsService in a manually instantiated DaoAuthenticationProvider. If the current configuration is intentional, to turn off this warning, increase the logging level of 'org.springframework.security.config.annotation.authentication.configuration.InitializeUserDetailsBeanManagerConfigurer' to ERROR
2025-06-24 15:17:05,273 WARN o.s.b.a.o.j.JpaBaseConfiguration$JpaWebConfiguration [restartedMain] spring.jpa.open-in-view is enabled by default. Therefore, database queries may be performed during view rendering. Explicitly configure spring.jpa.open-in-view to disable this warning
2025-06-24 15:17:05,427 INFO o.s.b.a.h.H2ConsoleAutoConfiguration$H2ConsoleLogger [restartedMain] H2 console available at '/h2-console'. Database available at 'jdbc:h2:file:/Userdisk/personal_git/HOME_SERVICES/HomeServices/src/main/resources/homeservices_db'
2025-06-24 15:17:05,440 WARN o.s.s.c.a.w.b.WebSecurity [restartedMain] You are asking Spring Security to ignore Ant [pattern='/h2-console/**']. This is not recommended -- please use permitAll via HttpSecurity#authorizeHttpRequests instead.
2025-06-24 15:17:05,453 INFO o.s.b.d.a.OptionalLiveReloadServer [restartedMain] LiveReload server is running on port 35729
2025-06-24 15:17:05,461 INFO o.a.j.l.DirectJDKLog [restartedMain] Starting ProtocolHandler ["http-nio-8080"]
2025-06-24 15:17:05,462 INFO o.s.b.w.e.t.TomcatWebServer [restartedMain] Tomcat started on port 8080 (http) with context path '/'
2025-06-24 15:17:05,465 INFO o.s.b.StartupInfoLogger [restartedMain] Started HomeServicesApplication in 0.743 seconds (process running for 866.028)
2025-06-24 15:17:05,469 INFO o.s.b.d.a.ConditionEvaluationDeltaLoggingListener [restartedMain] Condition evaluation unchanged
2025-06-24 15:17:30,917 INFO o.s.b.d.a.LocalDevToolsAutoConfiguration$RestartingClassPathChangeChangedEventListener [File Watcher] Restarting due to 2 class path changes (0 additions, 0 deletions, 2 modifications)
2025-06-24 15:17:30,919 INFO o.s.b.w.e.t.GracefulShutdown [Thread-32] Commencing graceful shutdown. Waiting for active requests to complete
2025-06-24 15:17:30,920 INFO o.a.j.l.DirectJDKLog [tomcat-shutdown] Pausing ProtocolHandler ["http-nio-8080"]
2025-06-24 15:17:30,921 INFO o.s.b.w.e.t.GracefulShutdown [tomcat-shutdown] Graceful shutdown complete
2025-06-24 15:17:30,922 INFO o.a.j.l.DirectJDKLog [Thread-32] Stopping ProtocolHandler ["http-nio-8080"]
2025-06-24 15:17:30,927 INFO o.s.o.j.AbstractEntityManagerFactoryBean [Thread-32] Closing JPA EntityManagerFactory for persistence unit 'default'
2025-06-24 15:17:30,929 INFO c.z.h.HikariDataSource [Thread-32] HikariPool-8 - Shutdown initiated...
2025-06-24 15:17:30,999 INFO c.z.h.HikariDataSource [Thread-32] HikariPool-8 - Shutdown completed.
2025-06-24 15:17:31,129 INFO o.s.b.StartupInfoLogger [restartedMain] Starting HomeServicesApplication using Java 17.0.1 with PID 181464 (/Userdisk/personal_git/HOME_SERVICES/HomeServices/target/classes started by karunkumar in /Userdisk/personal_git/HOME_SERVICES/HomeServices)
2025-06-24 15:17:31,129 INFO o.s.b.SpringApplication [restartedMain] The following 1 profile is active: "dev"
2025-06-24 15:17:31,212 INFO o.s.d.r.c.RepositoryConfigurationDelegate [restartedMain] Bootstrapping Spring Data JPA repositories in DEFAULT mode.
2025-06-24 15:17:31,220 INFO o.s.d.r.c.RepositoryConfigurationDelegate [restartedMain] Finished Spring Data repository scanning in 7 ms. Found 8 JPA repository interfaces.
2025-06-24 15:17:31,305 INFO o.s.b.w.e.t.TomcatWebServer [restartedMain] Tomcat initialized with port 8080 (http)
2025-06-24 15:17:31,306 INFO o.a.j.l.DirectJDKLog [restartedMain] Initializing ProtocolHandler ["http-nio-8080"]
2025-06-24 15:17:31,306 INFO o.a.j.l.DirectJDKLog [restartedMain] Starting service [Tomcat]
2025-06-24 15:17:31,306 INFO o.a.j.l.DirectJDKLog [restartedMain] Starting Servlet engine: [Apache Tomcat/10.1.40]
2025-06-24 15:17:31,311 INFO o.a.j.l.DirectJDKLog [restartedMain] Initializing Spring embedded WebApplicationContext
2025-06-24 15:17:31,311 INFO o.s.b.w.s.c.ServletWebServerApplicationContext [restartedMain] Root WebApplicationContext: initialization completed in 181 ms
2025-06-24 15:17:31,338 INFO o.h.j.i.u.LogHelper [restartedMain] HHH000204: Processing PersistenceUnitInfo [name: default]
2025-06-24 15:17:31,339 INFO o.h.c.i.RegionFactoryInitiator [restartedMain] HHH000026: Second-level cache disabled
2025-06-24 15:17:31,344 INFO o.s.o.j.p.SpringPersistenceUnitInfo [restartedMain] No LoadTimeWeaver setup: ignoring JPA class transformer
2025-06-24 15:17:31,344 INFO c.z.h.HikariDataSource [restartedMain] HikariPool-9 - Starting...
2025-06-24 15:17:31,348 INFO c.z.h.p.HikariPool [restartedMain] HikariPool-9 - Added connection conn80: url=jdbc:h2:file:/Userdisk/personal_git/HOME_SERVICES/HomeServices/src/main/resources/homeservices_db user=ROOT
2025-06-24 15:17:31,349 INFO c.z.h.HikariDataSource [restartedMain] HikariPool-9 - Start completed.
2025-06-24 15:17:31,349 WARN o.h.e.j.d.i.DialectFactoryImpl [restartedMain] HHH90000025: H2Dialect does not need to be specified explicitly using 'hibernate.dialect' (remove the property setting and it will be selected by default)
2025-06-24 15:17:31,349 INFO o.h.e.j.e.i.JdbcEnvironmentInitiator [restartedMain] HHH10001005: Database info:
	Database JDBC URL [Connecting through datasource 'HikariDataSource (HikariPool-9)']
	Database driver: undefined/unknown
	Database version: 2.3.232
	Autocommit mode: undefined/unknown
	Isolation level: undefined/unknown
	Minimum pool size: undefined/unknown
	Maximum pool size: undefined/unknown
2025-06-24 15:17:31,412 INFO o.h.e.t.j.p.i.JtaPlatformInitiator [restartedMain] HHH000489: No JTA platform available (set 'hibernate.transaction.jta.platform' to enable JTA platform integration)
2025-06-24 15:17:31,415 INFO o.s.o.j.AbstractEntityManagerFactoryBean [restartedMain] Initialized JPA EntityManagerFactory for persistence unit 'default'
2025-06-24 15:17:31,544 INFO o.s.s.c.a.a.c.InitializeAuthenticationProviderBeanManagerConfigurer$InitializeAuthenticationProviderManagerConfigurer [restartedMain] Global AuthenticationManager configured with AuthenticationProvider bean with name authenticationProvider
2025-06-24 15:17:31,544 WARN o.s.s.c.a.a.c.InitializeUserDetailsBeanManagerConfigurer$InitializeUserDetailsManagerConfigurer [restartedMain] Global AuthenticationManager configured with an AuthenticationProvider bean. UserDetailsService beans will not be used by Spring Security for automatically configuring username/password login. Consider removing the AuthenticationProvider bean. Alternatively, consider using the UserDetailsService in a manually instantiated DaoAuthenticationProvider. If the current configuration is intentional, to turn off this warning, increase the logging level of 'org.springframework.security.config.annotation.authentication.configuration.InitializeUserDetailsBeanManagerConfigurer' to ERROR
2025-06-24 15:17:31,585 WARN o.s.b.a.o.j.JpaBaseConfiguration$JpaWebConfiguration [restartedMain] spring.jpa.open-in-view is enabled by default. Therefore, database queries may be performed during view rendering. Explicitly configure spring.jpa.open-in-view to disable this warning
2025-06-24 15:17:31,735 INFO o.s.b.a.h.H2ConsoleAutoConfiguration$H2ConsoleLogger [restartedMain] H2 console available at '/h2-console'. Database available at 'jdbc:h2:file:/Userdisk/personal_git/HOME_SERVICES/HomeServices/src/main/resources/homeservices_db'
2025-06-24 15:17:31,748 WARN o.s.s.c.a.w.b.WebSecurity [restartedMain] You are asking Spring Security to ignore Ant [pattern='/h2-console/**']. This is not recommended -- please use permitAll via HttpSecurity#authorizeHttpRequests instead.
2025-06-24 15:17:31,760 INFO o.s.b.d.a.OptionalLiveReloadServer [restartedMain] LiveReload server is running on port 35729
2025-06-24 15:17:31,767 INFO o.a.j.l.DirectJDKLog [restartedMain] Starting ProtocolHandler ["http-nio-8080"]
2025-06-24 15:17:31,769 INFO o.s.b.w.e.t.TomcatWebServer [restartedMain] Tomcat started on port 8080 (http) with context path '/'
2025-06-24 15:17:31,772 INFO o.s.b.StartupInfoLogger [restartedMain] Started HomeServicesApplication in 0.672 seconds (process running for 892.335)
2025-06-24 15:17:31,777 INFO o.s.b.d.a.ConditionEvaluationDeltaLoggingListener [restartedMain] Condition evaluation unchanged
2025-06-24 15:17:36,174 INFO o.s.b.d.a.LocalDevToolsAutoConfiguration$RestartingClassPathChangeChangedEventListener [File Watcher] Restarting due to 2 class path changes (0 additions, 0 deletions, 2 modifications)
2025-06-24 15:17:36,177 INFO o.s.b.w.e.t.GracefulShutdown [Thread-36] Commencing graceful shutdown. Waiting for active requests to complete
2025-06-24 15:17:36,178 INFO o.a.j.l.DirectJDKLog [tomcat-shutdown] Pausing ProtocolHandler ["http-nio-8080"]
2025-06-24 15:17:36,180 INFO o.s.b.w.e.t.GracefulShutdown [tomcat-shutdown] Graceful shutdown complete
2025-06-24 15:17:36,180 INFO o.a.j.l.DirectJDKLog [Thread-36] Stopping ProtocolHandler ["http-nio-8080"]
2025-06-24 15:17:36,185 INFO o.s.o.j.AbstractEntityManagerFactoryBean [Thread-36] Closing JPA EntityManagerFactory for persistence unit 'default'
2025-06-24 15:17:36,186 INFO c.z.h.HikariDataSource [Thread-36] HikariPool-9 - Shutdown initiated...
2025-06-24 15:17:36,225 INFO c.z.h.HikariDataSource [Thread-36] HikariPool-9 - Shutdown completed.
2025-06-24 15:17:36,354 INFO o.s.b.StartupInfoLogger [restartedMain] Starting HomeServicesApplication using Java 17.0.1 with PID 181464 (/Userdisk/personal_git/HOME_SERVICES/HomeServices/target/classes started by karunkumar in /Userdisk/personal_git/HOME_SERVICES/HomeServices)
2025-06-24 15:17:36,355 INFO o.s.b.SpringApplication [restartedMain] The following 1 profile is active: "dev"
2025-06-24 15:17:36,439 INFO o.s.d.r.c.RepositoryConfigurationDelegate [restartedMain] Bootstrapping Spring Data JPA repositories in DEFAULT mode.
2025-06-24 15:17:36,449 INFO o.s.d.r.c.RepositoryConfigurationDelegate [restartedMain] Finished Spring Data repository scanning in 9 ms. Found 8 JPA repository interfaces.
2025-06-24 15:17:36,565 INFO o.s.b.w.e.t.TomcatWebServer [restartedMain] Tomcat initialized with port 8080 (http)
2025-06-24 15:17:36,565 INFO o.a.j.l.DirectJDKLog [restartedMain] Initializing ProtocolHandler ["http-nio-8080"]
2025-06-24 15:17:36,565 INFO o.a.j.l.DirectJDKLog [restartedMain] Starting service [Tomcat]
2025-06-24 15:17:36,565 INFO o.a.j.l.DirectJDKLog [restartedMain] Starting Servlet engine: [Apache Tomcat/10.1.40]
2025-06-24 15:17:36,570 INFO o.a.j.l.DirectJDKLog [restartedMain] Initializing Spring embedded WebApplicationContext
2025-06-24 15:17:36,570 INFO o.s.b.w.s.c.ServletWebServerApplicationContext [restartedMain] Root WebApplicationContext: initialization completed in 214 ms
2025-06-24 15:17:36,601 INFO o.h.j.i.u.LogHelper [restartedMain] HHH000204: Processing PersistenceUnitInfo [name: default]
2025-06-24 15:17:36,603 INFO o.h.c.i.RegionFactoryInitiator [restartedMain] HHH000026: Second-level cache disabled
2025-06-24 15:17:36,607 INFO o.s.o.j.p.SpringPersistenceUnitInfo [restartedMain] No LoadTimeWeaver setup: ignoring JPA class transformer
2025-06-24 15:17:36,608 INFO c.z.h.HikariDataSource [restartedMain] HikariPool-10 - Starting...
2025-06-24 15:17:36,613 INFO c.z.h.p.HikariPool [restartedMain] HikariPool-10 - Added connection conn90: url=jdbc:h2:file:/Userdisk/personal_git/HOME_SERVICES/HomeServices/src/main/resources/homeservices_db user=ROOT
2025-06-24 15:17:36,613 INFO c.z.h.HikariDataSource [restartedMain] HikariPool-10 - Start completed.
2025-06-24 15:17:36,614 WARN o.h.e.j.d.i.DialectFactoryImpl [restartedMain] HHH90000025: H2Dialect does not need to be specified explicitly using 'hibernate.dialect' (remove the property setting and it will be selected by default)
2025-06-24 15:17:36,614 INFO o.h.e.j.e.i.JdbcEnvironmentInitiator [restartedMain] HHH10001005: Database info:
	Database JDBC URL [Connecting through datasource 'HikariDataSource (HikariPool-10)']
	Database driver: undefined/unknown
	Database version: 2.3.232
	Autocommit mode: undefined/unknown
	Isolation level: undefined/unknown
	Minimum pool size: undefined/unknown
	Maximum pool size: undefined/unknown
2025-06-24 15:17:36,685 INFO o.h.e.t.j.p.i.JtaPlatformInitiator [restartedMain] HHH000489: No JTA platform available (set 'hibernate.transaction.jta.platform' to enable JTA platform integration)
2025-06-24 15:17:36,691 INFO o.s.o.j.AbstractEntityManagerFactoryBean [restartedMain] Initialized JPA EntityManagerFactory for persistence unit 'default'
2025-06-24 15:17:36,823 INFO o.s.s.c.a.a.c.InitializeAuthenticationProviderBeanManagerConfigurer$InitializeAuthenticationProviderManagerConfigurer [restartedMain] Global AuthenticationManager configured with AuthenticationProvider bean with name authenticationProvider
2025-06-24 15:17:36,824 WARN o.s.s.c.a.a.c.InitializeUserDetailsBeanManagerConfigurer$InitializeUserDetailsManagerConfigurer [restartedMain] Global AuthenticationManager configured with an AuthenticationProvider bean. UserDetailsService beans will not be used by Spring Security for automatically configuring username/password login. Consider removing the AuthenticationProvider bean. Alternatively, consider using the UserDetailsService in a manually instantiated DaoAuthenticationProvider. If the current configuration is intentional, to turn off this warning, increase the logging level of 'org.springframework.security.config.annotation.authentication.configuration.InitializeUserDetailsBeanManagerConfigurer' to ERROR
2025-06-24 15:17:36,870 WARN o.s.b.a.o.j.JpaBaseConfiguration$JpaWebConfiguration [restartedMain] spring.jpa.open-in-view is enabled by default. Therefore, database queries may be performed during view rendering. Explicitly configure spring.jpa.open-in-view to disable this warning
2025-06-24 15:17:37,019 INFO o.s.b.a.h.H2ConsoleAutoConfiguration$H2ConsoleLogger [restartedMain] H2 console available at '/h2-console'. Database available at 'jdbc:h2:file:/Userdisk/personal_git/HOME_SERVICES/HomeServices/src/main/resources/homeservices_db'
2025-06-24 15:17:37,032 WARN o.s.s.c.a.w.b.WebSecurity [restartedMain] You are asking Spring Security to ignore Ant [pattern='/h2-console/**']. This is not recommended -- please use permitAll via HttpSecurity#authorizeHttpRequests instead.
2025-06-24 15:17:37,044 INFO o.s.b.d.a.OptionalLiveReloadServer [restartedMain] LiveReload server is running on port 35729
2025-06-24 15:17:37,051 INFO o.a.j.l.DirectJDKLog [restartedMain] Starting ProtocolHandler ["http-nio-8080"]
2025-06-24 15:17:37,052 INFO o.s.b.w.e.t.TomcatWebServer [restartedMain] Tomcat started on port 8080 (http) with context path '/'
2025-06-24 15:17:37,055 INFO o.s.b.StartupInfoLogger [restartedMain] Started HomeServicesApplication in 0.737 seconds (process running for 897.618)
2025-06-24 15:17:37,060 INFO o.s.b.d.a.ConditionEvaluationDeltaLoggingListener [restartedMain] Condition evaluation unchanged
2025-06-24 15:17:39,456 INFO o.s.b.a.SpringApplicationAdminMXBeanRegistrar$SpringApplicationAdmin [RMI TCP Connection(18)-127.0.0.1] Application shutdown requested.
2025-06-24 15:17:39,457 INFO o.s.b.w.e.t.GracefulShutdown [RMI TCP Connection(18)-127.0.0.1] Commencing graceful shutdown. Waiting for active requests to complete
2025-06-24 15:17:39,459 INFO o.a.j.l.DirectJDKLog [tomcat-shutdown] Pausing ProtocolHandler ["http-nio-8080"]
2025-06-24 15:17:39,460 INFO o.s.b.w.e.t.GracefulShutdown [tomcat-shutdown] Graceful shutdown complete
2025-06-24 15:17:39,461 INFO o.a.j.l.DirectJDKLog [RMI TCP Connection(18)-127.0.0.1] Stopping ProtocolHandler ["http-nio-8080"]
2025-06-24 15:17:39,465 INFO o.s.o.j.AbstractEntityManagerFactoryBean [RMI TCP Connection(18)-127.0.0.1] Closing JPA EntityManagerFactory for persistence unit 'default'
2025-06-24 15:17:39,466 INFO c.z.h.HikariDataSource [RMI TCP Connection(18)-127.0.0.1] HikariPool-10 - Shutdown initiated...
2025-06-24 15:17:39,516 INFO c.z.h.HikariDataSource [RMI TCP Connection(18)-127.0.0.1] HikariPool-10 - Shutdown completed.
