2025-06-20 11:10:03,826 INFO o.s.b.d.a.LocalDevToolsAutoConfiguration$RestartingClassPathChangeChangedEventListener [File Watcher] Restarting due to 1 class path change (0 additions, 0 deletions, 1 modification)
2025-06-20 11:10:03,829 INFO o.s.b.w.e.t.GracefulShutdown [Thread-35] Commencing graceful shutdown. Waiting for active requests to complete
2025-06-20 11:10:03,831 INFO o.a.j.l.DirectJDKLog [tomcat-shutdown] Pausing ProtocolHandler ["http-nio-8080"]
2025-06-20 11:10:03,832 INFO o.s.b.w.e.t.GracefulShutdown [tomcat-shutdown] Graceful shutdown complete
2025-06-20 11:10:03,833 INFO o.a.j.l.DirectJDKLog [Thread-35] Stopping ProtocolHandler ["http-nio-8080"]
2025-06-20 11:10:03,837 INFO o.s.o.j.AbstractEntityManagerFactoryBean [Thread-35] Closing JPA EntityManagerFactory for persistence unit 'default'
2025-06-20 11:10:03,838 INFO c.z.h.HikariDataSource [Thread-35] HikariPool-9 - Shutdown initiated...
2025-06-20 11:10:03,839 INFO c.z.h.HikariDataSource [Thread-35] HikariPool-9 - Shutdown completed.
2025-06-20 11:10:03,988 INFO o.s.b.StartupInfoLogger [restartedMain] Starting HomeServicesApplication using Java 17.0.1 with PID 249792 (/Userdisk/personal_git/HOME_SERVICES/HomeServices/target/classes started by karunkumar in /Userdisk/personal_git/HOME_SERVICES/HomeServices)
2025-06-20 11:10:03,988 INFO o.s.b.SpringApplication [restartedMain] The following 1 profile is active: "dev"
2025-06-20 11:10:04,074 INFO o.s.d.r.c.RepositoryConfigurationDelegate [restartedMain] Bootstrapping Spring Data JPA repositories in DEFAULT mode.
2025-06-20 11:10:04,083 INFO o.s.d.r.c.RepositoryConfigurationDelegate [restartedMain] Finished Spring Data repository scanning in 8 ms. Found 8 JPA repository interfaces.
2025-06-20 11:10:04,176 INFO o.s.b.w.e.t.TomcatWebServer [restartedMain] Tomcat initialized with port 8080 (http)
2025-06-20 11:10:04,177 INFO o.a.j.l.DirectJDKLog [restartedMain] Initializing ProtocolHandler ["http-nio-8080"]
2025-06-20 11:10:04,177 INFO o.a.j.l.DirectJDKLog [restartedMain] Starting service [Tomcat]
2025-06-20 11:10:04,177 INFO o.a.j.l.DirectJDKLog [restartedMain] Starting Servlet engine: [Apache Tomcat/10.1.40]
2025-06-20 11:10:04,183 INFO o.a.j.l.DirectJDKLog [restartedMain] Initializing Spring embedded WebApplicationContext
2025-06-20 11:10:04,183 INFO o.s.b.w.s.c.ServletWebServerApplicationContext [restartedMain] Root WebApplicationContext: initialization completed in 194 ms
2025-06-20 11:10:04,212 INFO o.h.j.i.u.LogHelper [restartedMain] HHH000204: Processing PersistenceUnitInfo [name: default]
2025-06-20 11:10:04,214 INFO o.h.c.i.RegionFactoryInitiator [restartedMain] HHH000026: Second-level cache disabled
2025-06-20 11:10:04,218 INFO o.s.o.j.p.SpringPersistenceUnitInfo [restartedMain] No LoadTimeWeaver setup: ignoring JPA class transformer
2025-06-20 11:10:04,218 INFO c.z.h.HikariDataSource [restartedMain] HikariPool-10 - Starting...
2025-06-20 11:10:04,222 INFO c.z.h.p.HikariPool [restartedMain] HikariPool-10 - Added connection conn128: url=jdbc:h2:file:/Userdisk/personal_git/HOME_SERVICES/HomeServices/src/main/resources/homeservices_db user=ROOT
2025-06-20 11:10:04,222 INFO c.z.h.HikariDataSource [restartedMain] HikariPool-10 - Start completed.
2025-06-20 11:10:04,222 WARN o.h.e.j.d.i.DialectFactoryImpl [restartedMain] HHH90000025: H2Dialect does not need to be specified explicitly using 'hibernate.dialect' (remove the property setting and it will be selected by default)
2025-06-20 11:10:04,223 INFO o.h.e.j.e.i.JdbcEnvironmentInitiator [restartedMain] HHH10001005: Database info:
	Database JDBC URL [Connecting through datasource 'HikariDataSource (HikariPool-10)']
	Database driver: undefined/unknown
	Database version: 2.3.232
	Autocommit mode: undefined/unknown
	Isolation level: undefined/unknown
	Minimum pool size: undefined/unknown
	Maximum pool size: undefined/unknown
2025-06-20 11:10:04,285 INFO o.h.e.t.j.p.i.JtaPlatformInitiator [restartedMain] HHH000489: No JTA platform available (set 'hibernate.transaction.jta.platform' to enable JTA platform integration)
2025-06-20 11:10:04,288 INFO o.s.o.j.AbstractEntityManagerFactoryBean [restartedMain] Initialized JPA EntityManagerFactory for persistence unit 'default'
2025-06-20 11:10:04,405 INFO o.s.s.c.a.a.c.InitializeAuthenticationProviderBeanManagerConfigurer$InitializeAuthenticationProviderManagerConfigurer [restartedMain] Global AuthenticationManager configured with AuthenticationProvider bean with name authenticationProvider
2025-06-20 11:10:04,406 WARN o.s.s.c.a.a.c.InitializeUserDetailsBeanManagerConfigurer$InitializeUserDetailsManagerConfigurer [restartedMain] Global AuthenticationManager configured with an AuthenticationProvider bean. UserDetailsService beans will not be used by Spring Security for automatically configuring username/password login. Consider removing the AuthenticationProvider bean. Alternatively, consider using the UserDetailsService in a manually instantiated DaoAuthenticationProvider. If the current configuration is intentional, to turn off this warning, increase the logging level of 'org.springframework.security.config.annotation.authentication.configuration.InitializeUserDetailsBeanManagerConfigurer' to ERROR
2025-06-20 11:10:04,455 WARN o.s.b.a.o.j.JpaBaseConfiguration$JpaWebConfiguration [restartedMain] spring.jpa.open-in-view is enabled by default. Therefore, database queries may be performed during view rendering. Explicitly configure spring.jpa.open-in-view to disable this warning
2025-06-20 11:10:04,616 INFO o.s.b.a.h.H2ConsoleAutoConfiguration$H2ConsoleLogger [restartedMain] H2 console available at '/h2-console'. Database available at 'jdbc:h2:file:/Userdisk/personal_git/HOME_SERVICES/HomeServices/src/main/resources/homeservices_db'
2025-06-20 11:10:04,631 WARN o.s.s.c.a.w.b.WebSecurity [restartedMain] You are asking Spring Security to ignore Ant [pattern='/h2-console/**']. This is not recommended -- please use permitAll via HttpSecurity#authorizeHttpRequests instead.
2025-06-20 11:10:04,643 INFO o.s.b.d.a.OptionalLiveReloadServer [restartedMain] LiveReload server is running on port 35729
2025-06-20 11:10:04,651 INFO o.a.j.l.DirectJDKLog [restartedMain] Starting ProtocolHandler ["http-nio-8080"]
2025-06-20 11:10:04,656 INFO o.s.b.w.e.t.TomcatWebServer [restartedMain] Tomcat started on port 8080 (http) with context path '/'
2025-06-20 11:10:04,659 INFO o.s.b.StartupInfoLogger [restartedMain] Started HomeServicesApplication in 0.693 seconds (process running for 8743.263)
2025-06-20 11:10:04,665 INFO o.s.b.d.a.ConditionEvaluationDeltaLoggingListener [restartedMain] Condition evaluation unchanged
